// Jest Snapshot v1, https://goo.gl/fbAQLP

exports[`Article page snapshot  1`] = `
<table
  className="custom-border"
>
  <thead>
    <tr>
      <td>
        Names
      </td>
      <td>
        Email
      </td>
    </tr>
  </thead>
  <tbody>
    <tr>
      <td>
        Demo
      </td>
      <td>
        NA
      </td>
    </tr>
  </tbody>
</table>
`;

exports[`Article page snapshot 1 1`] = `
<table
  className="custom-border"
>
  <thead>
    <tr>
      <td>
        Names
      </td>
      <td>
        Email
      </td>
    </tr>
  </thead>
  <tbody>
    <tr>
      <td>
        Demo
      </td>
      <td>
        NA
      </td>
    </tr>
  </tbody>
</table>
`;

exports[`Article page snapshot 1 2`] = `
<table
  className="custom-border"
>
  <thead>
    <tr>
      <td>
        Names
      </td>
      <td>
        Email
      </td>
    </tr>
  </thead>
  <tbody>
    <tr>
      <td>
        Demo
      </td>
      <td>
        NA
      </td>
    </tr>
  </tbody>
</table>
`;

exports[`Article page snapshot 1 3`] = `
<table
  className="custom-border"
>
  <thead>
    <tr>
      <td>
        Names
      </td>
      <td>
        Email
      </td>
    </tr>
  </thead>
  <tbody>
    <tr>
      <td>
        Demo
      </td>
      <td>
        NA
      </td>
    </tr>
  </tbody>
</table>
`;

exports[`Article page snapshot 2 1`] = `
<table
  className="custom-border"
>
  <thead>
    <tr>
      <td>
        Names
      </td>
      <td>
        Email
      </td>
    </tr>
  </thead>
  <tbody>
    <tr>
      <td>
        Demo
      </td>
      <td>
        NA
      </td>
    </tr>
  </tbody>
</table>
`;

exports[`Article page snapshot 3 1`] = `
<table
  className="custom-border"
>
  <thead>
    <tr>
      <td>
        Names
      </td>
      <td>
        Email
      </td>
    </tr>
  </thead>
  <tbody>
    <tr>
      <td>
        Demo
      </td>
      <td>
        NA
      </td>
    </tr>
  </tbody>
</table>
`;
